[    0.000000] Linux version 4.15.0-48-generic (buildd@lgw01-amd64-036) (gcc version 7.3.0 (Ubutu 7.3.0-16ubuntu3)) #51-Uunu MP Wed Apr 3 082849UTTC 2019 (Ubuntu 4.15.0-48.51-generic 4.15.18)
[    0.000000] Command line: BOOT_IMAGE=/boot/vmlinuz-4.15.0-48-generic root=LABEL=cloudimg-rootfs ro console=tty1 console=ttyS0
[    0.000000] KERNEL supported cpus:
[    0.000000]   Intel GenuineIntel
[    0.000000]   AMD AuthenticAMD
[    0.000000]   Centaur CentaurHauls
[    0.000000] x86/fpu: Supporting XSAVE feature 0x001: 'x87 floating point registers'
[    0.000000] x86fp: SupprtngXSAVE feature 0x002: 'SSE registers'
[    0.000000] x86/fpu: Supporting XSAVE feature 0x004: 'AVX registers'
[    0.000000 x86/fpu: xstate_ofset[2]:  56, xstate_sizes[2]:  256
[    0.000000] x86/fpu: Enabled xstate features x7, context iz is 832 bytes, using 'standard'fomat.
[    0.000000] e820: BIOS-provided physical RAM map:
[    0.000000] BIOS-e820: [mem 0x0000000000000000-0x000000000009fbff] usable
[    000000] BIOS-e820: [mem 0x0000000009fc00-0x0000000009ffff]reered
[   0.0000] BIOS-e82: mem 0x00000000000f0000-0x00000000000fffff] reserved
[   0.00000] BIOS-e820: [me 0x0000000000100000-0x000000003ffeffff]usable
[    0.000000] BIOS-e20 [mem x0000000ff0000-0x0000000fffffff]ACPdata
[   0.0000] BIS-82: [mem 0x00000fec00000-0x00000000fec00fff] reserved
[    0.000000] BIOS-e820: [mem 0x00000000fee00000-0x00000000fee00fff] reserved
[    0.000000] BIOS-e820: [mem 0x0000000ffc0000-0x00000000ffffffff] reserved
[    0.000000] NX (Execute Disable) protection: active
[    0.000000] SMBIOS 2.5 present.
[    0.000000] DMI: innotek GmbH VirtualBox/VirtualBox, BIOS VirtualBox 12/01/2006
[    0.000000] Hypervisor detected: KVM
[    0.00000] e820 lstpfn = 0x3ff0max_arch_pfn = 0x400000000
[    0.000000] MTRR: Disabled
[    0.000000] x86/PAT: MTRRs disabled, skipping PAT initialization too.
[   0.000000] CPU MTRRs all blank - virtualized system.
[   0.00000] x86/PAT: Configuration [0-7]: WB  WT  UC- UC  WB  WT  UC- UC  
[    0.000000] found SMP MP-table at [mem 0x0009fff0-0x0009ffff] mapped at [        (ptrval)]
[    0.000000] Scanning 1 areas for low memory corruption
[    0.000000] RAMDISK: [mem 0x359c7000-0x36cdafff]
[    0.000000] ACPI: Early table checksum verification disabled
[    0.000000] ACPI: RSDP 0x00000000000E0000 000024 (v02 VBOX  )
[    0.000000] ACPI: XSDT 0x000000003FFF0030 00003C (v01 VBOX   VBOXXSDT 00000001 ASL  00000061)
[    0.000000] ACPI: FACP 0x000000003FFF00F0 0000F4 (v04 VBOX   VBOXFACP 00000001 ASL  00000061)
[    0.000000] ACPI: DSDT 0x000000003FFF0470 0021FF (v02 VBOX   VBOXBIOS 00000002 INTL 20100528)
[    0.000000] ACPI: FACS 0x000000003FFF0200 000040
[    0.000000] ACPI: FACS 0x000000003FFF0200 000040
[    0.000000] ACPI: APIC 0x000000003FFF0240 00005C (v02 VBOX   VBOXAPIC 00000001 ASL  00000061)
[    0.000000] ACPI: SSDT 0x000000003FFF02A0 0001CC (v01 VBOX   VBOXCPUT 00000002 INTL 20100528)
[    0.000000] No NUMA configuration found
[    0.000000] Faking a node at [mem 0x0000000000000000-0x000000003ffeffff]
[    0.000000] NODE_DATA(0) allocated [mem 0x3ffc5000-0x3ffeffff]
[    0.000000] kvm-clock: cpu 0, msr 0:3ff44001, primary cpu clock
[    0.000000] kvm-clock: Using msrs 4b564d01 and 4b564d00
[    0.000000] kvm-clock: using sched offset of 4345481246 cycles
[    0.000000] clocksource: kvm-clock: mask: 0xffffffffffffffff max_cycles: 0x1cd42e4dffb, max_idle_ns: 881590591483 ns
[    0.000000] Zone ranges:
[    0.000000]   DMA      [mem 0x0000000000001000-0x0000000000ffffff]
[    0.000000]   DMA32    [mem 0x0000000001000000-0x000000003ffeffff]
[    0.000000]   Normal   empty
[    0.000000]   Device   empty
[    0.000000] Movable zone start for each node
[    0.000000] Early memory node ranges
[    0.000000]   node   0: [mem 0x0000000000001000-0x000000000009efff]
[    0.000000]   node   0: [mem 0x0000000000100000-0x000000003ffeffff]
[    0.000000] Reserved but unavailable: 114 pages
[    0.000000] Initmem setup node 0 [mem 0x0000000000001000-0x000000003ffeffff]
[    0.000000] ACPI: PM-Timer IO Port: 0x4008
[    0.000000] IOAPIC[0]: apic_id 2, version 32, address 0xfec00000, GSI 0-23[   .00000] ACPI: INT_SRC_OVR (bus 0 bus_irq 0 global_irq 2 dfl dfl)
[    0.000000] ACPI: INT_SRC_OVR (bus 0 bus_irq 9 global_irq 9 low level)
[    0.000000] Using ACPI (MADT) for SMP configuration informmation
[    0.000000] smpboot: Allowing 2 CPUs, 0 hotplug Cs
[    0.000000]PM: egsterd nosave emor: mem 0x0000000x00000f]
[    0.00000 P: Regiteednosave moy: [me 0009f000-0x0009ff]
[   000000] P: egstered nose emory: [m x000a0000-0x000effff]
[    0.000000] PM: Registered nosave memory: [mem 0x000f0000-0x000fffff]
[    0.000000] e820: [mem 0x40000000-0xfebfffff] available for PCI devices
[    0.000000] Booting paravirtualized kernel on KVM
[    0.000000] clocksource: refined-jiffies: mask: 0xffffffff max_cycles: 0xffffffff, max_idle_ns: 7645519600211568 ns
[    0.000000] random: get_random_bytes called from start_kernel+0x99/0x4fd with crng_init=0
[    0.000000] setup_percpu: NR_CPUS:8192 nr_cpumask_bits:2 nr_cpu_ids:2 nr_node_ids:1
[    0.000000] percpu: Ebedded46paes/cpu @      ptrval) s1152 r192 d2862 1048576
[    0.000000] PV qspinlock hash table entries: 256 (order: 0, 4096 bytes)
[    0.000000] Built 1 zonelists, mobility grouping on.  Total pages: 257913
[    0.000000] Policy zone: DMA32
[    0.000000] Kernel coman lne: BOOT_IMAGE=/boo/vliuz-4.15.0-48-generic root=LABEL=cloudimg-rootfs ro console=tty1 console=ttyS0
[    0.000000] Memory: 983048K/1048120K available (12300K kernl ode, 2473K rwdata, 4276K rodata, 248K iit 2416K bss, 65072 rseved, 0Kcm-rserved)
[    0.000000] SLUB: HWalign=64, Order=0-3, MinObjects=0, CPUs=2, Nodes=1
[    0.000000] Kernel/User page tables isolation: enabled
[    0.000000] ftrace: allocating 39226 entries in 154 pages
[    0.004000] Hierarchical RCU implementation.
[    0.004000] 	RCU restricting CPUs from NR_CPUS=8192 to nr_cpu_ids=2.
[    0.004000] 	Tasks RCU enabled.
[    0.004000] RCU: Adjusting geometry for rcu_fanout_leaf=16, nr_cpu_ids=2
[    0.004000] NR_IRQS: 524544, nr_irqs: 440, preallocated irqs: 16
[    0.004000] Console: colour VGA+ 80x25
[    0.004000] onsole [tty1 enabled
[    0.004000] console [ttyS0] enabled
[    0.004000] ACPI: Core revision 20170831
[    0.004000] ACPI: 2 ACPI AML tables successfully acquired and loaded
[    0.004000] APIC: Switch to symmetric I/O mode setup
[    0.004000] x2apic enabled
[    0.004010] Switched APIC routing to physical x2apic.
[    0.008274] ..TIMER: vector=0x30 apic1=0 pin1=2 apic2=-1 pin2=-1
[    0.012005] tsc: Detected 1607.999 MHz processor
[    0.013443] Calibrating delay loop (skipped) preset value.. 3215.99 BogoMIPS (lpj=6431996)
[    0.016004] pid_max: default: 32768 minimum: 301
[    0.020044] Security Framework initialized
[    0.024006] Yama: becoming mindful.
[    0.025351] AppArmor: AppArmor initialized
[    0.029775] Dentry cache hash table entries: 131072 (order: 8, 1048576 bytes)
[    0.032088] Inode-cache hash table entries: 65536 (order: 7, 524288 bytes)
[    0.036022] Mount-cache hash table entries: 2048 (order: 2, 16384 bytes)
[    0.040013] Mountpoint-cache hash table entries: 2048 (order: 2, 16384 bytes)
[    0.044219] mce: CPU supports 0 MCE banks
[    0.048015] Last level iTLB entries: 4KB 64, 2MB 8, 4MB 8
[    0.052006] Last level dTLB entries: 4KB 64, 2MB 0, 4MB 0, 1GB 4
[    0.056005] Spectre V2 : Mitigation: Full generic retpoline
[    0.060002] Spectre V2 : Spectre v2 / SpectreRSB mitigation: Filling RSB on context switch
[    0.064003] Speculative Store Bypass: Vulnerable
[    0.068096] Freeing SMP alternatives memory: 36K
[    0.072000] smpboot: CPU0: Intel(R) Core(TM) i5-8210Y CPU @ 1.60GHz (family: 0x6, model: 0x8e, stepping: 0x9)
[    0.072145] Performance Events: unsupported p6 CPU model 142 no PMU driver, software events only.
[    0.076135] Hierarchical SRCU implementation.
[    0.084024] NMI watchdog: Perf event create on CPU 0 failed with -2
[    0.086630] NMI watchdog: Perf NMI watchdog permanently disabled
[    0.088078] smp: Bringing up secondary CPUs ...
[    0.092119] x86: Booting SMP configuration:
[    0.096018] .... node  #0, CPUs:      #1
[    0.004000] kvm-clock: cpu 1, msr 0:3ff44041, secondary cpu clock
[    0.004000] mce: CPU supports 0 MCE banks
[    0.104027] smp: Brought up 1 node, 2 CPUs
[    0.108007] smpboot: Max logical packages: 1
[    0.112009] smpboot: Total of 2 processors activated (6431.99 BogoMIPS)
[    0.116149] devtmpfs: initialized
[    0.120065] x86/mm: Memory block size: 128MB
[    0.124159] evm: security.selinux
[    0.128003] evm: security.SMACK64
[    0.132003] evm: security.SMACK64EXEC
[    0.136003] evm: security.SMACK64TRANSMUTE
[    0.140006] evm: security.SMACK64MMAP
[    0.144004] evm: security.apparmor
[    0.148005] evm: security.ima
[    0.152003] evm: security.capability
[    0.156101] clocksource: jiffies: mask: 0xffffffff max_cycles: 0xffffffff, max_idle_ns: 7645041785100000 ns
[    0.160011] futex hash table entries: 512 (order: 3, 32768 bytes)
[    0.164097] pinctrl core: initialized pinctrl subsystem
[    0.169874] RTC time:  3:22:10, date: 05/16/19
[    0.172207] NET: Registered protocol family 16
[    0.176093] audit: initializing netlink subsys (disabled)
[    0.180049] audit: type=2000 audit(1557976932.134:1): state=initialized audit_enabled=0 res=1
[    0.232009] cpuidle: using governor ladder
[    0.236009] cpuidle: using governor menu
[    0.240051] ACPI: bus type PCI registered
[    0.244005] acpiphp: ACPI Hot Plug PCI Controller Driver version: 0.5
[    0.248153] PCI: Using configuration type 1 for base access
[    0.253040] HugeTLB registered 2.00 MiB page size, pre-allocated 0 pages
[    0.256100] ACPI: Added _OSI(Module Device)
[    0.260013] ACPI: Added _OSI(Processor Device)
[    0.264004] ACPI: Added _OSI(3.0 _SCP Extensions)
[    0.268003] ACPI: Added _OSI(Processor Aggregator Device)
[    0.272011] ACPI: Added _OSI(Linux-Dell-Video)
[    0.276021] ACPI: Added _OSI(Linux-Lenovo-NV-HDMI-Audio)
[    0.280005] ACPI: Added _OSI(Linux-HPI-Hybrid-Graphics)
[    0.284581] ACPI: Executed 1 blocks of module-level executable AML code
[    0.291113] ACPI: Interpreter enabled
[    0.292017] ACPI: (supports S0 S5)
[    0.296006] ACPI: Using IOAPIC for interrupt routing
[    0.300261] PCI: Using host bridge windows from ACPI; if necessary, use "pci=nocrs" and report a bug
[    0.304319] ACPI: Enabled 2 GPEs in block 00 to 07
[    0.316074] ACPI: PCI Root Bridge [PCI0] (domain 0000 [bus 00-ff])
[    0.318392] acpi PNP0A03:00: _OSC: OS supports [ASPM ClockPM Segments MSI]
[    0.320039] acpi PNP0A03:00: _OSC: not requesting OS control; OS requires [ExtendedConfig ASPM ClockPM MSI]
[    0.324020] acpi PNP0A03:00: fail to add MMCONFIG information, can't access extended PCI configuration space under this bridge.
[    0.328522] PCI host bridge to bus 0000:00
[    0.329731] pci_bus 0000:00: root bus resource [io  0x0000-0x0cf7 window]
[    0.332000] pci_bus 0000:00: root bus resource [io  0x0d00-0xffff window]
[    0.332016] pci_bus 0000:00: root bus resource [mem 0x000a0000-0x000bffff window]
[    0.336013] pci_bus 0000:00: root bus resource [mem 0x40000000-0xfdffffff window]
[    0.340010] pci_bus 0000:00: root bus resource [bus 00-ff]
[    0.351623] pci 0000:00:01.1: legacy IDE quirk: reg 0x10: [io  0x01f0-0x01f7]
[    0.352007] pci 0000:00:01.1: legacy IDE quirk: reg 0x14: [io  0x03f6]
[    0.356006] pci 0000:00:01.1: legacy IDE quirk: reg 0x18: [io  0x0170-0x0177]
[    0.360005] pci 0000:00:01.1: legacy IDE quirk: reg 0x1c: [io  0x0376]
[    0.400450] pci 0000:00:07.0: quirk: [io  0x4000-0x403f] claimed by PIIX4 ACPI
[    0.404043] pci 0000:00:07.0: quirk: [io  0x4100-0x410f] claimed by PIIX4 SMB
[    0.422922] ACPI: PCI Interrupt Link [LNKA] (IRQs 5 9 10 *11)
[    0.424407] ACPI: PCI Interrupt Link [LNKB] (IRQs 5 9 *10 11)
[    0.428187] ACPI: PCI Interrupt Link [LNKC] (IRQs 5 *9 10 11)
[    0.432178] ACPI: PCI Interrupt Link [LNKD] (IRQs 5 9 10 *11)
[    0.436721] SCSI subsystem initialized
[    0.440110] pci 0000:00:02.0: vgaarb: setting as boot VGA device
[    0.444000] pci 0000:00:02.0: vgaarb: VGA device added: decodes=io+mem,owns=io+mem,locks=none
[    0.444011] pci 0000:00:02.0: vgaarb: bridge control possible
[    0.448003] vgaarb: loaded
[    0.452056] ACPI: bus type USB registered
[    0.456030] usbcore: registered new interface driver usbfs
[    0.460012] usbcore: registered new interface driver hub
[    0.464030] usbcore: registered new device driver usb
[    0.468081] EDAC MC: Ver: 3.0.0
[    0.472488] PCI: Using ACPI for IRQ routing
[    0.480121] NetLabel: Initializing
[    0.484003] NetLabel:  domain hash size = 128
[    0.488002] NetLabel:  protocols = UNLABELED CIPSOv4 CALIPSO
[    0.492027] NetLabel:  unlabeled traffic allowed by default
[    0.496159] clocksource: Switched to clocksource kvm-clock
[    0.519120] VFS: Disk quotas dquot_6.6.0
[    0.528973] VFS: Dquot-cache hash table entries: 512 (order 0, 4096 bytes)
[    0.531528] AppArmor: AppArmor Filesystem Enabled
[    0.533308] pnp: PnP ACPI init
[  05391 pp:PnP ACPI: found 3 devices
[   .753082] clocksource: acpi_pm: mask: 0xffffff max_cycls:0xffff, axide_ns: 2085701024 ns
[    0.949700] NET: Registered protocol family 2

[    0.953305] TCP established hash table entries: 8192 (order: 4, 65536 bytes)
[    0.958539] TCP bind hash table entries: 8192 (order: 5, 131072 bytes)
[    0.960520] TCP: Hash tables configured (established 8192 bind 8192)
[    0.962442] UDP hash table entries: 512 (orde: , 634 ytes)
[    1.094951] UDP-Lite hash table entries: 512 (order: 2, 16384 bytes)
[    1.097455] NET: Registered protocol family 1
[    1.099547] pci 0000:00:00.0: Limiting direct PCI/PCI transfers
[    1.102755] pci 0000:00:01.0: Activating ISA DMA hang workarounds
[    1.105242] pci 0000:00:02.0: Video device with shadowed ROM at [mem 0x000c0000-0x000dffff]
[    1.116978] Unpacking initramfs...
[    1.463540] Freeing initrd memory: 19536K
[    1.465168] platform rtc_cmos: registered platform RTC device (no PNP device found)
[    1.467480] Scanning for low memory corruption every 60 seconds
[    1.470841] Initialise system trusted keyrings
[    1.484873] Key type blacklist registered
[    1.509116] workingset: timestamp_bits=36 max_order=18 bucket_order=0
[    1.573437] zbud: loaded
[    1.592997] squashfs: version 4.0 (2009/01/31) Phillip Lougher
[    1.654428] fuse init (API version 7.26)
[    1.674483] Key type asymmetric registered
[    1.675707] Asymmetric key parser 'x509' registered
[    1.677268] Block layer SCSI generic (bsg) driver version 0.4 loaded (major 246)
[    1.690991] io scheduler noop registered
[    1.709188] io scheduler deadline registered
[    1.711143] io scheduler cfq registered (default)
[    1.713967] ACPI: AC Adapter [AC] (off-line)
[    1.715424] input: Power Button as /devices/LNXSYSTM:00/LNXPWRBN:00/input/input0
[    1.740270] ACPI: Power Button [PWRF]
[    1.756542] input: Sleep Button as /devices/LNXSYSTM:00/LNXSLPBN:00/input/input1
[    1.774102] ACPI: Sleep Button [SLPF]
[    1.777441] ACPI: Battery Slot [BAT0] (battery present)
[    1.880842] Serial: 8250/16550 driver, 3 pts IRQ shain enale
pÿ[    2.1094550002 ttyS0 at I/O 0x3f8 (irq = 4, base_baud = 115200) is a 16550A

[    2.206023] Linux agpgart interface v0.103
[    2.214294] loop: module loaded
[    2.216452] scsi host0: ata_piix
[    2.217931] scsi host1: ata_piix
[    2.219072] ata1: PATA max UDMA/33 cmd 0x1f0 ctl 0x3f6 bmdma 0xd000 irq 14
[    2.221075] ata2: PATA max UDMA/33 cmd 0x170 ctl 0x376 bmdma 0xd008 irq 15
[    2.223125] libphy: Fixed MDIO Bus: probed
[    2.224742] tun: Universal TUN/TAP device driver, 1.6
[    2.226466] PPP generic driver version 2.4.2
[    2.227956] ehci_hcd: USB 2.0 'Enhanced' Host Controller (EHCI) Driver
[    2.230987] ehci-pci: EHCI PCI platform driver
[    2.239186] ehci-platform: EHCI generic platform driver
[    2.245552] ohci_hcd: USB 1.1 'Open' Host Controller (OHCI) Driver
[    2.249124] ohci-pci: OHCI PCI platform driver
[    2.251337] ohci-platform: OHCI generic platform driver
[    2.254342] uhci_hcd: USB Universal Host Controller Interface driver
[    2.262088] i8042: PNP: PS/2 Controller [PNP0303:PS2K,PNP0f03:PS2M] at 0x60,0x64 irq 1,12
[    2.268580] serio: i8042 KBD port at 0x60,0x64 irq 1
[    2.271634] serio: i8042 AUX port at 0x60,0x64 irq 12
[    2.275142] mousedev: PS/2 mouse device common for all mice
[    2.285754] input: AT Translated Set 2 keyboard as /devices/platform/i8042/serio0/input/input2
[    2.288176] rtc_cmos rtc_cmos: rtc core: registered rtc_cmos as rtc0
[    2.288305] rtc_cmos rtc_cmos: alarms up to one day, 114 bytes nvram
[    2.288318] i2c /dev entries driver
[    2.288327] pcie_mp2_amd: AMD(R) PCI-E MP2 Communication Driver Version: 1.0
[    2.288455] device-mapper: uevent: version 1.0.3
[    2.288529] device-mapper: ioctl: 4.37.0-ioctl (2017-09-20) initialised: dm-devel@redhat.com
[    2.388157] ledtrig-cpu: registered to indicate activity on CPUs
[    2.427911] NET: Registered protocol family 10
[    2.512067] tsc: Refined TSC clocksource calibration: 1608.343 MHz
[    2.517129] Segment Routing with IPv6
[    2.517150] NET: Registered protocol family 17
[    2.517184] Key type dns_resolver registered
[    2.675008] clocksource: tsc: mask: 0xffffffffffffffff max_cycles: 0x172eee43c98, max_idle_ns: 440795233779 ns
[    2.690805] RAS: Correctable Errors collector initialized.
[    2.763964] sched_clock: Marking stable (2763866665, 0)->(7675051888, -4911185223)
[    2.809773] registered taskstats version 1
[    2.858398] Loading compiled-in X.509 certificates
[    2.908623] Loaded X.509 cert 'Build time autogenerated kernel key: e7056c016f846647db0f624c10ce588fee742707'
[    2.978688] zswap: loaded using pool lzo/zbud
[    3.018916] Key type big_key registered
[    3.079540] Key type trusted registered
[    3.154903] Key type encrypted registered
[    3.188341] AppArmor: AppArmor sha1 policy hashing enabled
[    3.230703] ima: No TPM chip found, activating TPM-bypass! (rc=-19)
[    3.260582] ima: Allocated hash algorithm: sha1
[    3.262265] evm: HMAC attrs: 0x1
[    3.263925]   Magic number: 3:334:361
[    3.265549] rtc_cmos rtc_cmos: setting system clock to 2019-05-16 03:22:14 UTC (1557976934)
[    3.278779] BIOS EDD facility v0.16 2004-Jun-25, 0 devices found
[    3.321928] EDD information not available.
[    3.326483] Freeing unused kernel image memory: 2408K
[    3.340052] Write protecting the kernel read-only data: 20480k
[    3.342456] Freeing unused kernel image memory: 2008K
[    3.344356] Freeing unused kernel image memory: 1868K
[    3.351390] x86/mm: Checked W+X mappings: passed, no W+X pages found.
[    3.353313] x86/mm: Checking user space page tables
[    3.362785] x86/mm: Checked W+X mappings: passed, no W+X pages found.
Loading, please wait...
starting version 237
[    3.475238] e1000: Intel(R) PRO/1000 Network Driver - version 7.3.21-k8-NAPI
[    3.477304] e1000: Copyright (c) 1999-2006 Intel Corporation.
[    3.486581] Fusion MPT base driver 3.04.20
[    3.487938] Copyright (c) 1999-2008 LSI Corporation
[    3.512990] AVX2 version of gcm_enc/dec engaged.
[    3.514768] AES CTR mode by8 optimization enabled
[    3.528461] Fusion MPT SPI Host driver 3.04.20
[    3.535712] vboxvideo: loading out-of-tree module taints kernel.
[    3.538635] vboxvideo: module verification failed: signature and/or required key missing - tainting kernel
[    3.701376] input: ImExPS/2 Generic Explorer Mouse as /devices/platform/i8042/serio1/input/input4
[    4.052474] e1000 0000:00:03.0 eth0: (PCI:33MHz:32-bit) 02:04:86:c9:98:46
[    4.239144] e1000 0000:00:03.0 eth0: Intel(R) PRO/1000 Network Connection
[    4.242851] mptbase: ioc0: Initiating bringup
[    4.336735] ioc0: LSI53C1030 A0: Capabilities={Initiator}
[    4.722248] scsi host2: ioc0: LSI53C1030 A0, FwRev=00000000h, Ports=1, MaxQ=256, IRQ=20
[    5.001602] scsi 2:0:0:0: Direct-Access     VBOX     HARDDISK         1.0  PQ: 0 ANSI: 5
[    5.006426] [drm] VRAM 01000000
[    5.006802] [TTM] Zone  kernel: Available graphics memory: 504452 kiB
[    5.006803] [TTM] Initializing pool allocator
[    5.006808] [TTM] Initializing DMA pool allocator
[    5.100649] fbcon: vboxdrmfb (fb0) is primary device
[    5.102306] Console: switching to colour frame buffer device 100x37
[    5.570437] vboxvideo 0000:00:02.0: fb0: vboxdrmfb frame buffer device
[    5.588251] [drm] Initialized vboxvideo 1.0.0 20130823 for 0000:00:02.0 on minor 0
[    5.596264] scsi target2:0:0: Beginning Domain Validation
[    5.610736] scsi target2:0:0: Domain Validation skipping write tests
[    5.614841] scsi target2:0:0: Ending Domain Validation
[    5.617532] scsi target2:0:0: asynchronous
[    5.621162] scsi 2:0:1:0: Direct-Access     VBOX     HARDDISK         1.0  PQ: 0 ANSI: 5
[    5.670365] scsi target2:0:1: Beginning Domain Validation
[    5.692519] random: fast init done
[    5.694947] scsi target2:0:1: Domain Validation skipping write tests
[    5.696899] scsi target2:0:1: Ending Domain Validation
[    5.698570] scsi target2:0:1: asynchronous
[    5.710828] random: systemd-udevd: uninitialized urandom read (16 bytes read)
[    5.713477] random: systemd-udevd: uninitialized urandom read (16 bytes read)
[    5.716358] sd 2:0:0:0: Attached scsi generic sg0 type 0
[    5.718519] sd 2:0:0:0: [sda] 20971520 512-byte logical blocks: (10.7 GB/10.0 GiB)
[    5.721509] sd 2:0:0:0: [sda] Write Protect is off
[    5.723193] sd 2:0:0:0: [sda] Incomplete mode parameter data
[    5.730461] sd 2:0:0:0: [sda] Assuming drive cache: write through
[    5.732321] sd 2:0:1:0: Attached scsi generic sg1 type 0
[    5.734060] random: systemd-udevd: uninitialized urandom read (16 bytes read)
[    5.739012]  sda: sda1
[    5.741212] sd 2:0:0:0: [sda] Attached SCSI disk
[    5.744145] sd 2:0:1:0: [sdb] 20480 512-byte logical blocks: (10.5 MB/10.0 MiB)
[    5.746953] sd 2:0:1:0: [sdb] Write Protect is off
[    5.749222] sd 2:0:1:0: [sdb] Incomplete mode parameter data
[    5.751475] sd 2:0:1:0: [sdb] Assuming drive cache: write through
[    5.757019] sd 2:0:1:0: [sdb] Attached SCSI disk
[    6.075408] e1000 0000:00:08.0 eth1: (PCI:33MHz:32-bit) 08:00:27:03:b0:79
[    6.177883] e1000 0000:00:08.0 eth1: Intel(R) PRO/1000 Network Connection
[    6.370257] e1000 0000:00:03.0 enp0s3: renamed from eth0
[    6.388734] e1000 0000:00:08.0 enp0s8: renamed from eth1
Begin: Loading essential drivers ... [    6.596300] raid6: sse2x1   gen()  8720 MB/s
[    6.644198] raid6: sse2x1   xor()  2825 MB/s
[    6.692300] raid6: sse2x2   gen() 10042 MB/s
[    6.752096] raid6: sse2x2   xor()  5499 MB/s
[    6.800105] raid6: sse2x4   gen()  5311 MB/s
[    6.877174] raid6: sse2x4   xor() 11562 MB/s
[    6.944706] raid6: avx2x1   gen() 20140 MB/s
[    7.027488] raid6: avx2x1   xor() 17323 MB/s
[    7.076105] raid6: avx2x2   gen() 27333 MB/s
[    7.136577] raid6: avx2x2   xor() 16875 MB/s
[    7.188109] raid6: avx2x4   gen() 30723 MB/s
[    7.244207] raid6: avx2x4   xor() 18635 MB/s
[    7.268238] raid6: using algorithm avx2x4 gen() 30723 MB/s
[    7.270632] raid6: .... xor() 18635 MB/s, rmw enabled
[    7.276501] raid6: using avx2x2 recovery algorithm
[    7.294486] xor: automatically using best checksumming function   avx       
[    7.322092] async_tx: api initialized (async)
done.
Begin: Running /scripts/init-premount ... done.
Begin: Mounti[    7.414854] Btrfs loaded, crc32c=crc32c-intel
ng root file system ... Begin: Running /scripts/local-top ... done.
Begin: Running /scripts/local-premount ... Scanning for Btrfs filesystems
done.
Warning: fsck not present, so sk[    7.493861] EXT4-fs (sda1): mounted filesystem with ordered data mode. Opts: (null)
ipping root file system
done.
Begin: Running /scripts/local-bottom ... done.
Begin: Running /scripts/init-bottom ... done.
[    7.792266] ip_tables: (C) 2000-2006 Netfilter Core Team
[    7.832211] systemd[1]: systemd 237 running in system mode. (+PAM +AUDIT +SELINUX +IMA +APPARMOR +SMACK +SYSVINIT +UTMP +LIBCRYPTSETUP +GCRYPT +GNUTLS +ACL +XZ +LZ4 +SECCOMP +BLKID +ELFUTILS +KMOD -IDN2 +IDN -PCRE2 default-hierarchy=hybrid)
[    7.843525] systemd[1]: Detected virtualization oracle.
[    7.845610] systemd[1]: Detected architecture x86-64.

Welcome to [1mUbuntu 18.04.2 LTS[0m!

[    7.859898] systemd[1]: Set hostname to <ubuntu-bionic>.
[    8.207304] systemd[1]: Reached target User and Group Name Lookups.
[[0;32m  OK  [0m] Reached target User and Group Name Lookups.
[    8.224523] systemd[1]: Reached target Swap.
[[0;32m  OK  [0m] Reached target Swap.
[    8.277414] systemd[1]: Set up automount Arbitrary Executable File Formats File System Automount Point.
[[0;32m  OK  [0m] Set up automount Arbitrary Executabâ€¦rmats File System Automount Point.
[    8.297002] systemd[1]: Started Forward Password Requests to Wall Directory Watch.
[[0;32m  OK  [0m] Started Forward Password Requests to Wall Directory Watch.
[    8.381300] systemd[1]: Reached target System Time Synchronized.
[[0;32m  OK  [0m] Reached target System Time Synchronized.
[    8.406295] systemd[1]: Created slice User and Session Slice.
[[0;32m  OK  [0m] Created slice User and Session Slice.
[[0;32m  OK  [0m] Created slice System Slice.
[[0;32m  OK  [0m] Listening on Journal Socket (/dev/log).
[[0;32m  OK  [0m] Listening on LVM2 metadata daemon socket.
[[0;32m  OK  [0m] Listening on Device-mapper event daemon FIFOs.
[[0;32m  OK  [0m] Listening on Journal Socket.
         Mounting Huge Pages File System...
         Starting Monitoring of LVM2 mirrorsâ€¦ng dmeventd or progress polling...
         Starting Load Kernel Modules...[    8.643202] Loading iSCSI transport class v2.0-870.

         Mounting POSIX Message Queue File System...
         Starting Uncompl[    8.748956] iscsi: registered transport (tcp)
icated firewall...
[[0;32m  OK  [0m] Created slice system-serial\x2dgetty.slice.
[[0;32m  OK  [0m] Listening on Journal Audit Socke[    8.807499] iscsi: registered transport (iser)
t.
         Starting Set the console keyboard layout...
[[0;32m  OK  [0m] Listening on udev Kernel Socket.
[[0;32m  OK  [0m] Listening on Network Service Netlink Socket.
[[0;32m  OK  [0m] Listening on /dev/initctl Compatibility Named Pipe.
[[0;32m  OK  [0m] Listening on Syslog Socket.
         Starting Journal Service...
         Starting Remount Root and Kernel File Systems...
[[0;32m  OK  [0m] Listening on LVM2 poll daemon socket.
         Starting Create list of required stâ€¦ce nodes for the current kernel...
[[0;32m  OK  [0m] Reached target Slices.
         Mounting Kernel Debug File System...
[[0;32m  OK  [0m] Listening on udev Control Socket.
         Starting udev Coldplug all Devices...
[[0;32m  OK  [0m] Mounted Huge Pages File System.
[[0;32m  OK  [0m] Started Load[    8.980720] EXT4-fs (sda1): re-mounted. Opts: (null)
 Kernel Modules.
[[0;32m  OK  [0m] Started Journal Service.
[[0;32m  OK  [0m] Mounted POSIX Message Queue File System.
[[0;32m  OK  [0m] Started Uncomplicated firewall.
[[0;32m  OK  [0m] Started Remount Root and Kernel File Systems.
[[0;32m  OK  [0m] Started Create list of required staâ€¦vice nodes for the current kernel.
[[0;32m  OK  [0m] Mounted Kernel Debug File System.
[[0;32m  OK  [0m] Started LVM2 metadata daemon.
         Starting Create Static Device Nodes in /dev...
         Starting Load/Save Random Seed...
         Starting Flush Journal to Persistent Storage...
         Starting Apply Kernel Variables...
         Mounting Kernel Configuration File System...
         Mounting FUSE Control File System...
[[0;32m  OK  [0m] Started Monitoring of LVM2 mirrors,â€¦sing dmeventd or progress polling.
[[0;32m  OK  [0m] Started udev Coldplug all Devices.
[[0;32m  OK  [0m] Started Create Static Device Nodes in /dev.
[[0;32m  OK  [0m] Started Load/Save Random Seed.
[[0;32m  OK  [0m] Started Apply Kernel Variables.
[[0;32m  OK  [0m] Mounted Kernel Configuration File System.
[[0;32m  OK  [0m] Mounted FUSE Control File System.
         Starting udev Kernel Device Manager...
[[0;32m  OK  [0m] Started udev Kernel Device Manager.
[[0;32m  OK  [0m] Started Flush Journal to Persistent Storage.
[[0;32m  OK  [0m] Found device /dev/ttyS0.
[[0;32m  OK  [0m] Listening on Load/Save RF Kill Switch Status /dev/rfkill Watch.
[[0;32m  OK  [0m] Started Set the console keyboard layout.
[[0;32m  OK  [0m] Reached target Local File Systems (Pre).
[[0;32m  OK  [0m] Reached target Local File Systems.
         Starting ebtables ruleset management...
         Starting Set console font and keymap...
         Starting Tell Plymouth To Write Out Runtime Data...
         Starting Create Volatile Files and Directories...
         Starting AppArmor initialization...
[[0;32m  OK  [0m] Started Dispatch Password Requests to Console Directory Watch.
[[0;32m  OK  [0m] Reached target Local Encrypted Volumes.
[[0;32m  OK  [0m] Started Set console font and keymap.
[[0;32m  OK  [0m] Started Tell Plymouth To Write Out Runtime Data.
[[0;32m  OK  [0m] Started Create Volatile Files and Directories.
         Starting Update UTMP about System Boot/Shutdown...
[[0;32m  OK  [0m] Started Update UTMP about System Boot/Shutdown.
[[0;32m  OK  [0m] Started ebtables ruleset management.
[[0;32m  OK  [0m] Started AppArmor initialization.
         Starting Initial cloud-init job (pre-networking)...
[   11.678003] cloud-init[687]: Cloud-init v. 18.5-45-g3554ffe8-0ubuntu1~18.04.1 running 'init-local' at Thu, 16 May 2019 03:22:22 +0000. Up 11.44 seconds.
[[0;32m  OK  [0m] Started Initial cloud-init job (pre-networking).
[[0;32m  OK  [0m] Reached target Network (Pre).
         Starting Network Service...
[[0;32m  OK  [0m] Started Network Service.
         Starting Wait for Network to be Configured...
         Starting Network Name Resolution...
[[0;32m  OK  [0m] Started Network Name Resolution.
[[0;32m  OK  [0m] Reached target Network.
[[0;32m  OK  [0m] Reached target Host and Network Name Lookups.
[[0;32m  OK  [0m] Started Wait for Network to be Configured.
         Starting Initial cloud-init job (metadata service crawler)...
[   14.550112] cloud-init[786]: Cloud-init v. 18.5-45-g3554ffe8-0ubuntu1~18.04.1 running 'init' at Thu, 16 May 2019 03:22:25 +0000. Up 14.33 seconds.
[   14.574388] cloud-init[786]: ci-info: ++++++++++++++++++++++++++++++++++++++Net device info+++++++++++++++++++++++++++++++++++++++
[   14.579076] cloud-init[786]: ci-info: +--------+------+-----------------------------+---------------+--------+-------------------+
[   14.596268] cloud-init[786]: ci-info: | Device |  Up  |           Address           |      Mask     | Scope  |     Hw-Address    |
[   14.600237] cloud-init[786]: ci-info: +--------+------+-----------------------------+---------------+--------+-------------------+
[   14.604166] cloud-init[786]: ci-info: | enp0s3 | True |          10.0.2.15          | 255.255.255.0 | global | 02:04:86:c9:98:46 |
[   14.608128] cloud-init[786]: ci-info: | enp0s3 | True |  fe80::4:86ff:fec9:9846/64  |       .       |  link  | 02:04:86:c9:98:46 |
[   14.611949] cloud-init[786]: ci-info: | enp0s8 | True |        192.168.33.10        | 255.255.255.0 | global | 08:00:27:03:b0:79 |
[   14.617737] cloud-init[786]: ci-info: | enp0s8 | True | fe80::a00:27ff:fe03:b079/64 |       .       |  link  | 08:00:27:03:b0:79 |
[   14.648575] cloud-init[786]: ci-info: |   lo   | True |          127.0.0.1          |   255.0.0.0   |  host  |         .         |
[   14.688773] cloud-init[786]: ci-info: |   lo   | True |           ::1/128           |       .       |  host  |         .         |
[   14.744392] cloud-init[786]: ci-info: +--------+------+-----------------------------+---------------+--------+-------------------+
[   14.808600] cloud-init[786]: ci-info: +++++++++++++++++++++++++++++Route IPv4 info+++++++++++++++++++++++++++++
[   14.840712] cloud-init[786]: ci-info: +-------+--------------+----------+-----------------+-----------+-------+
[   14.854272] cloud-init[786]: ci-info: | Route | Destination  | Gateway  |     Genmask     | Interface | Flags |
[   14.866917] cloud-init[786]: ci-info: +-------+--------------+----------+-----------------+-----------+-------+
[   14.884349] cloud-init[786]: ci-info: |   0   |   0.0.0.0    | 10.0.2.2 |     0.0.0.0     |   enp0s3  |   UG  |
[[0;32m  OK  [0m] Started Initial cloud-init job (metadata service crawler).
[[0;32m  OK  [0m] Reached target System Initialization.
[   14.919587] cloud-init[786]: ci-info: |   1   |   10.0.2.0   | 0.0.0.0  |  255.255.255.0  |   enp0s3  |   U   |
[   14.935524] cloud-init[786]: ci-info: |   2   |   10.0.2.2   | 0.0.0.0  | 255.255.255.255 |   enp0s3  |   UH  |
[[0;32m  OK  [0m] Started Discard unused blocks once a week.
[   14.961436] cloud-init[786]: ci-info: |   3   | 192.168.33.0 | 0.0.0.0  |  255.255.255.0  |   enp0s8  |   U   |
         Starting LXD - unix socket.
[[0;32m  OK  [0m] Started Message of the Day.
[   15.010635] cloud-init[786]: ci-info: +-------+--------------+----------+-----------------+-----------+-------+
[   15.048806] cloud-init[786]: ci-info: +++++++++++++++++++Route IPv6 info+++++++++++++++++++
[[0;32m  OK  [0m] Listening on UUID daemon activation socket.
[   15.071934] cloud-init[786]: ci-info: +-------+-------------+---------+-----------+-------+
[   15.104387]          cloud-initStarting Socket activation for snappy daemon.[786]: 
ci-info: | Route | Destination | Gateway | Interface | Flags |
[[0;32m  OK  [0m] Started Daily Cleanup of Temporary Directories.
[   15.114953] [[0;32m  OK  [0m] Listening on D-Bus System Message Bus Socket.
cloud-init[786]: ci-info: +-------+-------------+---------+-----------+-------+
[[0;32m  OK  [0m] Started Daily apt download activities.
[   15.131751] cloud-init[786]: ci-info: |   1   |  fe80::/64  |    ::   |   enp0s8  |   U   |
[   15.133248] [[0;32m  OK  [0m] Started Daily apt upgrade and clean activities.
[[0;32m  OK  [0m] Reached target Timers.
[[0;32m  OK  [0m] Listening on Open-iSCSI iscsid Socket.
[[0;32m  OK  [0m] Listening on ACPID Listen Socket.
[[0;32m  OK  [0m] Started ACPI Events Check.
[[0;32m  OK  [0m] Reached target Paths.
[[0;32m  OK  [0m] Reached target Cloud-config availability.
[[0;32m  OK  [0m] Reached target Network is Online.
[[0;32m  OK  [0m] Reached target Remote File Systems (Pre).
[[0;32m  OK  [0m] Reached target Remote File Systems.
cloud-init[786]: ci-info: |   2   |  fe80::/64  |    ::   |   enp0s3  |   U   |
         Starting Availability of block devices...
[[   15.212951] cloud-init[786]: ci-info: |   4   |    local    |    ::   |   enp0s3  |   U   |
[   15.216309] cloud-init[786]: ci-info: |   5   |    local    |    ::   |   enp0s8  |   U   |
[   15.216900] cloud-init[786]: ci-info: |   6   |   ff00::/8  |    ::   |   enp0s8  |   U   |
[   15.217500] cloud-init[786]: ci-info: |   7   |   ff00::/8  |    ::   |   enp0s3  |   U   |
[   15.217545] cloud-init[786]: ci-info: +-------+-------------+---------+-----------+-------+
[0;32m  OK  [0m] Listening on LXD - unix socket.
[[0;32m  OK  [0m] Listening on Socket activation for snappy daemon.
[[0;32m  OK  [0m] Started Availability of block devices.
[[0;32m  OK  [0m] Reached target Sockets.
[[0;32m  OK  [0m] Reached target Basic System.
         Starting System Logging Service...
         Starting LSB: automatic crash report generation...
         Starting vboxadd.service...
         Starting LSB: Record successful boot for GRUB...
         Starting Accounts Service...
         Starting Login Service...
         Starting Dispatcher daemon for systemd-networkd...
[[0;32m  OK  [0m] Started Deferred execution scheduler.
[[0;32m  OK  [0m] Started irqbalance daemon.
         Starting OpenBSD Secure Shell server...
[[0;32m  OK  [0m] Started Regular background program processing daemon.
[[0;32m  OK  [0m] Started D-Bus System Message Bus.
         Starting Snappy daemon...
         Starting Permit User Sessions...
[[0;32m  OK  [0m] Started FUSE filesystem for LXC.
         Starting LXD - container startup/shutdown...
[[0;32m  OK  [0m] Started System Logging Service.
[[0;32m  OK  [0m] Started Login Service.
[[0;32m  OK  [0m] Started OpenBSD Secure Shell server.
[[0;32m  OK  [0m] Started Unattended Upgrades Shutdown.
[[0;32m  OK  [0m] Started Permit User Sessions.
         Starting Hold until boot process finishes up...
         Starting Terminate Plymouth Boot Screen...
[[0;32m  OK  [0m] Started Hold until boot process finishes up.
[[0;32m  OK  [0m] Started Terminate Plymouth Boot Screen.
         Starting Authorization Manager...
         Starting Set console scheme...
[[0;32m  OK  [0m] Started Serial Getty on ttyS0.
[[0;32m  OK  [0m] Started Dispatcher daemon for systemd-networkd.
[[0;32m  OK  [0m] Started Set console scheme.
[[0;32m  OK  [0m] Created slice system-getty.slice.
[[0;32m  OK  [0m] Started Getty on tty1.
[[0;32m  OK  [0m] Reached target Login Prompts.
[[0;32m  OK  [0m] Started LSB: Record successful boot for GRUB.
[[0;32m  OK  [0m] Started LSB: automatic crash report generation.
[[0;32m  OK  [0m] Started Authorization Manager.
[[0;32m  OK  [0m] Started Snappy daemon.
[[0;32m  OK  [0m] Started Accounts Service.
         Starting Wait until snapd is fully seeded...
[[0;32m  OK  [0m] Started LXD - container startup/shutdown.
[[0;32m  OK  [0m] Created slice User Slice of vagrant.
[[0;32m  OK  [0m] Started Wait until snapd is fully seeded.
[[0;32m  OK  [0m] Started Session 1 of user vagrant.
         Starting Apply the settings specified in cloud-config...
         Starting User Manager for UID 1000...
[[0;32m  OK  [0m] Started vboxadd.service.
         Starting vboxadd-service.service...
[[0;32m  OK  [0m] Started User Manager for UID 1000.
[[0;32m  OK  [0m] Started vboxadd-service.service.
[[0;32m  OK  [0m] Reached target Multi-User System.
[[0;32m  OK  [0m] Reached target Graphical Interface.
         Starting Update UTMP about System Runlevel Changes...
[[0;32m  OK  [0m] Started Update UTMP about System Runlevel Changes.
[   17.115755] cloud-init[1204]: Cloud-init v. 18.5-45-g3554ffe8-0ubuntu1~18.04.1 running 'modules:config' at Thu, 16 May 2019 03:22:28 +0000. Up 16.91 seconds.
[[0;32m  OK  [0m] Started Apply the settings specified in cloud-config.
         Starting Execute cloud user/final scripts...
[   17.803477] cloud-init[1343]: Cloud-init v. 18.5-45-g3554ffe8-0ubuntu1~18.04.1 running 'modules:final' at Thu, 16 May 2019 03:22:28 +0000. Up 17.62 seconds.
[   17.819669] cloud-init[1343]: Cloud-init v. 18.5-45-g3554ffe8-0ubuntu1~18.04.1 finished at Thu, 16 May 2019 03:22:29 +0000. Datasource DataSourceNoCloud [seed=/dev/sdb][dsmode=net].  Up 17.78 seconds
[[0;32m  OK  [0m] Started Execute cloud user/final scripts.
[[0;32m  OK  [0m] Reached target Cloud-init target.

Ubuntu 18.04.2 LTS ubuntu-bionic ttyS0

ubuntu-bionic login: 